{
  "output": "Backend changed to openrouter; Model changed to claude-3-opus"
}