{
  "output": "Backend changed to test_backend\nModel changed to new_model"
}