{
  "output": "Invalid format. Use backend/model or backend:model."
}