{
  "output": "Project changed to my-awesome-project"
}