{
  "output": "Available commands:\n- create-failover-route - Create a new failover route with given policy\n- delete-failover-route - Delete an existing failover route\n- hello - Return the interactive welcome banner\n- help - Show available commands or details for a single command\n- list-failover-routes - List all configured failover routes\n- loop-detection - Enable or disable loop detection for the current session\n- model - Change the active model for LLM requests\n- oneoff - Sets a one-time override for the backend and model for the next request.\n- project - Change the active project for LLM requests\n- pwd - Display the current project directory\n- route-append - Append an element to a failover route\n- route-clear - Clear all elements from a failover route\n- route-list - List elements in a failover route\n- route-prepend - Prepend an element to a failover route\n- set - Set various parameters for the session\n- temperature - Change the temperature setting for LLM requests\n- tool-loop-detection - Enable or disable tool loop detection for the current session\n- tool-loop-max-repeats - Set the maximum number of repeats for tool loop detection\n- tool-loop-mode - Set the mode for tool loop detection\n- tool-loop-ttl - Set the TTL (time to live) for tool loop detection in seconds\n- unset - Unset (clear) various parameters for the session"
}