{
  "output": "Temperature reset to default (None)"
}