{
  "output": "Project reset to default\nTemperature reset to default (None)"
}