{
  "output": "Temperature must be a valid number"
}