{
  "output": "Project name must be specified"
}