{
  "output": "Welcome to LLM Interactive Proxy!\n\nAvailable commands:\n- !/help - Show help information\n- !/set(param=value) - Set a parameter value\n- !/unset(param) - Unset a parameter value"
}